Component: ARM Compiler 5.06 update 7 (build 960) Tool: armlink [4d3601]

==============================================================================

Section Cross References

    main.o(.text) refers to bsp.o(.text) for BSP_Init
    main.o(.text) refers to control_task.o(.text) for control_task_Init
    senior.o(.text) refers to control_task.o(.data) for time_tick
    can_chassis_transmit.o(.text) refers to stm32f4xx_can.o(.text) for CAN_Transmit
    can_chassis_transmit.o(.text) refers to dmul.o(x$fpl$dmul) for __aeabi_dmul
    can_chassis_transmit.o(.text) refers to dfixll.o(x$fpl$llsfromd) for __aeabi_d2lz
    can_chassis_transmit.o(.text) refers to can_chassis_transmit.o(.bss) for .bss
    judge.o(.text) refers to rt_memcpy_v6.o(.text) for __aeabi_memcpy
    judge.o(.text) refers to judge.o(.constdata) for .constdata
    judge.o(.text) refers to judge.o(.data) for .data
    judge.o(.text) refers to judge.o(.bss) for .bss
    judge.o(.text) refers to usart.o(.data) for usart5
    judge.o(.text) refers to supper_cap.o(.data) for can_capacitance_message
    judge.o(.text) refers to balance_task.o(.bss) for b_chassis
    usart_chassis_transmit.o(.text) refers to dflt_clz.o(x$fpl$dflt) for __aeabi_i2d
    usart_chassis_transmit.o(.text) refers to ddiv.o(x$fpl$ddiv) for __aeabi_ddiv
    usart_chassis_transmit.o(.text) refers to d2f.o(x$fpl$d2f) for __aeabi_d2f
    usart_chassis_transmit.o(.text) refers to rt_memcpy_v6.o(.text) for __aeabi_memcpy
    usart_chassis_transmit.o(.text) refers to usart_chassis_transmit.o(.bss) for .bss
    usart_chassis_transmit.o(.text) refers to control_task.o(.data) for time_tick
    usart_chassis_transmit.o(.text) refers to usart_chassis_transmit.o(.data) for .data
    usart_chassis_transmit.o(.text) refers to judge.o(.data) for remain_heat
    usart_chassis_transmit.o(.text) refers to balance_task.o(.bss) for b_chassis
    usart_chassis_transmit.o(.text) refers to usart.o(.data) for usart4
    lk_tech.o(.text) refers to stm32f4xx_can.o(.text) for CAN_Transmit
    lk_tech.o(.text) refers to f2d.o(x$fpl$f2d) for __aeabi_f2d
    lk_tech.o(.text) refers to dmul.o(x$fpl$dmul) for __aeabi_dmul
    lk_tech.o(.text) refers to ddiv.o(x$fpl$ddiv) for __aeabi_ddiv
    lk_tech.o(.text) refers to lk_tech.o(.data) for .data
    lk_tech.o(.text) refers to control_task.o(.data) for time_tick
    client.o(.text) refers to _printf_percent.o(.ARM.Collect$$_printf_percent$$00000000) for _printf_percent
    client.o(.text) refers to _printf_f.o(.ARM.Collect$$_printf_percent$$00000003) for _printf_f
    client.o(.text) refers to printf1.o(x$fpl$printf1) for _printf_fp_dec
    client.o(.text) refers to rt_memcpy_v6.o(.text) for __aeabi_memcpy
    client.o(.text) refers to rt_memcpy_w.o(.text) for __aeabi_memcpy4
    client.o(.text) refers to judge.o(.bss) for judge_rece_mesg
    client.o(.text) refers to client.o(.data) for .data
    client.o(.text) refers to client.o(.bss) for .bss
    client.o(.text) refers to judge.o(.text) for data_upload_handle
    client.o(.text) refers to f2d.o(x$fpl$f2d) for __aeabi_f2d
    client.o(.text) refers to noretval__2sprintf.o(.text) for __2sprintf
    client.o(.text) refers to remote.o(.bss) for RC_CtrlData
    client.o(.text) refers to dmul.o(x$fpl$dmul) for __aeabi_dmul
    client.o(.text) refers to dfixu.o(x$fpl$dfixu) for __aeabi_d2uiz
    client.o(.text) refers to supper_cap.o(.data) for can_capacitance_message
    client.o(.text) refers to usart_chassis_transmit.o(.bss) for usart_chassis_data
    client.o(.text) refers to balance_task.o(.bss) for b_chassis
    client.o(.text) refers to judge.o(.data) for already_shoot
    client.o(.text) refers to senior.o(.data) for mea_distance
    client.o(.text) refers to balance_task.o(.data) for init_abnormal_state
    client.o(.text) refers to usart_chassis_transmit.o(.data) for gimbal_control_state
    client.o(.text) refers to senior.o(.bss) for balance_chassis
    client.o(.data) refers to client.o(.text) for ADD_Character
    supper_cap.o(.text) refers to rt_memcpy_v6.o(.text) for __aeabi_memcpy
    supper_cap.o(.text) refers to stm32f4xx_can.o(.text) for CAN_Transmit
    supper_cap.o(.text) refers to judge.o(.bss) for judge_rece_mesg
    supper_cap.o(.text) refers to supper_cap.o(.bss) for .bss
    supper_cap.o(.text) refers to usart.o(.data) for usart2
    supper_cap.o(.text) refers to usart_chassis_transmit.o(.bss) for usart_chassis_data
    tf02.o(.text) refers to control_task.o(.data) for time_tick
    tf02.o(.text) refers to tf02.o(.data) for .data
    tf02.o(.text) refers to tf02.o(.bss) for .bss
    canbus.o(.text) refers to dm8009.o(.text) for DaMiao_8009_Information_Receive
    canbus.o(.text) refers to dji_motor.o(.text) for M3508orM2006EncoderTask
    canbus.o(.text) refers to d2f.o(x$fpl$d2f) for __aeabi_d2f
    canbus.o(.text) refers to dmul.o(x$fpl$dmul) for __aeabi_dmul
    canbus.o(.text) refers to dfix.o(x$fpl$dfix) for __aeabi_d2iz
[...]
    RCC_MCO2Config                           0x08003ffd   Thumb Code    18  stm32f4xx_rcc.o(.text)
    RCC_SYSCLKConfig                         0x0800400f   Thumb Code    16  stm32f4xx_rcc.o(.text)
    RCC_GetSYSCLKSource                      0x0800401f   Thumb Code    12  stm32f4xx_rcc.o(.text)
    RCC_HCLKConfig                           0x0800402b   Thumb Code    16  stm32f4xx_rcc.o(.text)
    RCC_PCLK1Config                          0x0800403b   Thumb Code    16  stm32f4xx_rcc.o(.text)
    RCC_PCLK2Config                          0x0800404b   Thumb Code    18  stm32f4xx_rcc.o(.text)
    RCC_GetClocksFreq                        0x0800405d   Thumb Code   150  stm32f4xx_rcc.o(.text)
    RCC_RTCCLKConfig                         0x080040f3   Thumb Code    42  stm32f4xx_rcc.o(.text)
    RCC_RTCCLKCmd                            0x0800411d   Thumb Code     8  stm32f4xx_rcc.o(.text)
    RCC_BackupResetCmd                       0x08004125   Thumb Code     8  stm32f4xx_rcc.o(.text)
    RCC_I2SCLKConfig                         0x0800412d   Thumb Code     6  stm32f4xx_rcc.o(.text)
    RCC_SAIPLLI2SClkDivConfig                0x08004133   Thumb Code    18  stm32f4xx_rcc.o(.text)
    RCC_SAIPLLSAIClkDivConfig                0x08004145   Thumb Code    20  stm32f4xx_rcc.o(.text)
    RCC_SAIBlockACLKConfig                   0x08004159   Thumb Code    16  stm32f4xx_rcc.o(.text)
    RCC_SAIBlockBCLKConfig                   0x08004169   Thumb Code    16  stm32f4xx_rcc.o(.text)
    RCC_LTDCCLKDivConfig                     0x08004179   Thumb Code    16  stm32f4xx_rcc.o(.text)
    RCC_TIMCLKPresConfig                     0x08004189   Thumb Code     6  stm32f4xx_rcc.o(.text)
    RCC_AHB1PeriphClockCmd                   0x0800418f   Thumb Code    24  stm32f4xx_rcc.o(.text)
    RCC_AHB2PeriphClockCmd                   0x080041a7   Thumb Code    24  stm32f4xx_rcc.o(.text)
    RCC_AHB3PeriphClockCmd                   0x080041bf   Thumb Code    24  stm32f4xx_rcc.o(.text)
    RCC_APB1PeriphClockCmd                   0x080041d7   Thumb Code    24  stm32f4xx_rcc.o(.text)
    RCC_APB2PeriphClockCmd                   0x080041ef   Thumb Code    24  stm32f4xx_rcc.o(.text)
    RCC_AHB1PeriphResetCmd                   0x08004207   Thumb Code    24  stm32f4xx_rcc.o(.text)
    RCC_AHB2PeriphResetCmd                   0x0800421f   Thumb Code    24  stm32f4xx_rcc.o(.text)
    RCC_AHB3PeriphResetCmd                   0x08004237   Thumb Code    24  stm32f4xx_rcc.o(.text)
    RCC_APB1PeriphResetCmd                   0x0800424f   Thumb Code    24  stm32f4xx_rcc.o(.text)
    RCC_APB2PeriphResetCmd                   0x08004267   Thumb Code    24  stm32f4xx_rcc.o(.text)
    RCC_AHB1PeriphClockLPModeCmd             0x0800427f   Thumb Code    70  stm32f4xx_rcc.o(.text)
    RCC_AHB2PeriphClockLPModeCmd             0x080042c5   Thumb Code    22  stm32f4xx_rcc.o(.text)
    RCC_AHB3PeriphClockLPModeCmd             0x080042db   Thumb Code    24  stm32f4xx_rcc.o(.text)
    RCC_APB1PeriphClockLPModeCmd             0x080042f3   Thumb Code    24  stm32f4xx_rcc.o(.text)
    RCC_APB2PeriphClockLPModeCmd             0x0800430b   Thumb Code    24  stm32f4xx_rcc.o(.text)
    RCC_LSEModeConfig                        0x08004323   Thumb Code    28  stm32f4xx_rcc.o(.text)
    RCC_ITConfig                             0x0800433f   Thumb Code    24  stm32f4xx_rcc.o(.text)
    RCC_ClearFlag                            0x08004357   Thumb Code    14  stm32f4xx_rcc.o(.text)
    RCC_GetITStatus                          0x08004365   Thumb Code    18  stm32f4xx_rcc.o(.text)
    RCC_ClearITPendingBit                    0x08004377   Thumb Code     8  stm32f4xx_rcc.o(.text)
    TIM_DeInit                               0x08004385   Thumb Code   376  stm32f4xx_tim.o(.text)
    TIM_TimeBaseInit                         0x080044fd   Thumb Code    96  stm32f4xx_tim.o(.text)
    TIM_TimeBaseStructInit                   0x0800455d   Thumb Code    18  stm32f4xx_tim.o(.text)
    TIM_PrescalerConfig                      0x0800456f   Thumb Code     6  stm32f4xx_tim.o(.text)
    TIM_CounterModeConfig                    0x08004575   Thumb Code    12  stm32f4xx_tim.o(.text)
    TIM_SetCounter                           0x08004581   Thumb Code     4  stm32f4xx_tim.o(.text)
    TIM_SetAutoreload                        0x08004585   Thumb Code     4  stm32f4xx_tim.o(.text)
    TIM_GetCounter                           0x08004589   Thumb Code     4  stm32f4xx_tim.o(.text)
    TIM_GetPrescaler                         0x0800458d   Thumb Code     4  stm32f4xx_tim.o(.text)
    TIM_UpdateDisableConfig                  0x08004591   Thumb Code    24  stm32f4xx_tim.o(.text)
    TIM_UpdateRequestConfig                  0x080045a9   Thumb Code    24  stm32f4xx_tim.o(.text)
    TIM_ARRPreloadConfig                     0x080045c1   Thumb Code    24  stm32f4xx_tim.o(.text)
    TIM_SelectOnePulseMode                   0x080045d9   Thumb Code    16  stm32f4xx_tim.o(.text)
    TIM_SetClockDivision                     0x080045e9   Thumb Code    16  stm32f4xx_tim.o(.text)
    TIM_Cmd                                  0x080045f9   Thumb Code    24  stm32f4xx_tim.o(.text)
    TIM_OC1Init                              0x08004611   Thumb Code    96  stm32f4xx_tim.o(.text)
    TIM_OC2Init                              0x08004671   Thumb Code   128  stm32f4xx_tim.o(.text)
    TIM_OC3Init                              0x080046f1   Thumb Code   176  stm32f4xx_tim.o(.text)
    TIM_OC4Init                              0x080047a1   Thumb Code    92  stm32f4xx_tim.o(.text)
    TIM_OCStructInit                         0x080047fd   Thumb Code    20  stm32f4xx_tim.o(.text)
    TIM_SelectOCxM                           0x08004811   Thumb Code    80  stm32f4xx_tim.o(.text)
    TIM_SetCompare1                          0x08004861   Thumb Code     4  stm32f4xx_tim.o(.text)
    TIM_SetCompare2                          0x08004865   Thumb Code     4  stm32f4xx_tim.o(.text)
    TIM_SetCompare3                          0x08004869   Thumb Code     4  stm32f4xx_tim.o(.text)
    TIM_SetCompare4                          0x0800486d   Thumb Code     4  stm32f4xx_tim.o(.text)
    TIM_ForcedOC1Config                      0x08004871   Thumb Code    12  stm32f4xx_tim.o(.text)
    TIM_ForcedOC2Config                      0x0800487d   Thumb Code    20  stm32f4xx_tim.o(.text)
    TIM_ForcedOC3Config                      0x08004891   Thumb Code    12  stm32f4xx_tim.o(.text)
    TIM_ForcedOC4Config                      0x0800489d   Thumb Code    20  stm32f4xx_tim.o(.text)
    TIM_OC1PreloadConfig                     0x080048b1   Thumb Code    12  stm32f4xx_tim.o(.text)
    TIM_OC2PreloadConfig                     0x080048bd   Thumb Code    20  stm32f4xx_tim.o(.text)
    TIM_OC3PreloadConfig                     0x080048d1   Thumb Code    12  stm32f4xx_tim.o(.text)
    TIM_OC4PreloadConfig                     0x080048dd   Thumb Code    20  stm32f4xx_tim.o(.text)
    TIM_OC1FastConfig                        0x080048f1   Thumb Code    12  stm32f4xx_tim.o(.text)
    TIM_OC2FastConfig                        0x080048fd   Thumb Code    20  stm32f4xx_tim.o(.text)
    TIM_OC3FastConfig                        0x08004911   Thumb Code    12  stm32f4xx_tim.o(.text)
    TIM_OC4FastConfig                        0x0800491d   Thumb Code    20  stm32f4xx_tim.o(.text)
    TIM_ClearOC1Ref                          0x08004931   Thumb Code    12  stm32f4xx_tim.o(.text)
    TIM_ClearOC2Ref                          0x0800493d   Thumb Code    20  stm32f4xx_tim.o(.text)
    TIM_ClearOC3Ref                          0x08004951   Thumb Code    12  stm32f4xx_tim.o(.text)
    TIM_ClearOC4Ref                          0x0800495d   Thumb Code    20  stm32f4xx_tim.o(.text)
    TIM_OC1PolarityConfig                    0x08004971   Thumb Code    12  stm32f4xx_tim.o(.text)
    TIM_OC1NPolarityConfig                   0x0800497d   Thumb Code    12  stm32f4xx_tim.o(.text)
    TIM_OC2PolarityConfig                    0x08004989   Thumb Code    20  stm32f4xx_tim.o(.text)
    TIM_OC2NPolarityConfig                   0x0800499d   Thumb Code    20  stm32f4xx_tim.o(.text)
    TIM_OC3PolarityConfig                    0x080049b1   Thumb Code    20  stm32f4xx_tim.o(.text)
    TIM_OC3NPolarityConfig                   0x080049c5   Thumb Code    20  stm32f4xx_tim.o(.text)
    TIM_OC4PolarityConfig                    0x080049d9   Thumb Code    20  stm32f4xx_tim.o(.text)
    TIM_CCxCmd                               0x080049ed   Thumb Code    22  stm32f4xx_tim.o(.text)
    TIM_CCxNCmd                              0x08004a03   Thumb Code    22  stm32f4xx_tim.o(.text)
    TIM_SetIC4Prescaler                      0x08004a19   Thumb Code    24  stm32f4xx_tim.o(.text)
    TIM_SetIC3Prescaler                      0x08004a67   Thumb Code    16  stm32f4xx_tim.o(.text)
    TIM_SetIC2Prescaler                      0x08004aa9   Thumb Code    24  stm32f4xx_tim.o(.text)
    TIM_SetIC1Prescaler                      0x08004af7   Thumb Code    16  stm32f4xx_tim.o(.text)
    TIM_ICInit                               0x08004b35   Thumb Code    90  stm32f4xx_tim.o(.text)
    TIM_ICStructInit                         0x08004b8f   Thumb Code    16  stm32f4xx_tim.o(.text)
    TIM_PWMIConfig                           0x08004b9f   Thumb Code   116  stm32f4xx_tim.o(.text)
    TIM_GetCapture1                          0x08004c13   Thumb Code     4  stm32f4xx_tim.o(.text)
    TIM_GetCapture2                          0x08004c17   Thumb Code     4  stm32f4xx_tim.o(.text)
    TIM_GetCapture3                          0x08004c1b   Thumb Code     4  stm32f4xx_tim.o(.text)
    TIM_GetCapture4                          0x08004c1f   Thumb Code     4  stm32f4xx_tim.o(.text)
    TIM_BDTRConfig                           0x08004c23   Thumb Code    34  stm32f4xx_tim.o(.text)
    TIM_BDTRStructInit                       0x08004c45   Thumb Code    18  stm32f4xx_tim.o(.text)
    TIM_CtrlPWMOutputs                       0x08004c57   Thumb Code    28  stm32f4xx_tim.o(.text)
    TIM_SelectCOM                            0x08004c73   Thumb Code    24  stm32f4xx_tim.o(.text)
    TIM_CCPreloadControl                     0x08004c8b   Thumb Code    24  stm32f4xx_tim.o(.text)
    TIM_ITConfig                             0x08004ca3   Thumb Code    20  stm32f4xx_tim.o(.text)
    TIM_GenerateEvent                        0x08004cb7   Thumb Code     4  stm32f4xx_tim.o(.text)
    TIM_GetFlagStatus                        0x08004cbb   Thumb Code    14  stm32f4xx_tim.o(.text)
    TIM_ClearFlag                            0x08004cc9   Thumb Code     6  stm32f4xx_tim.o(.text)
    TIM_GetITStatus                          0x08004ccf   Thumb Code    24  stm32f4xx_tim.o(.text)
    TIM_ClearITPendingBit                    0x08004ce7   Thumb Code     6  stm32f4xx_tim.o(.text)
    TIM_DMAConfig                            0x08004ced   Thumb Code     8  stm32f4xx_tim.o(.text)
    TIM_DMACmd                               0x08004cf5   Thumb Code    20  stm32f4xx_tim.o(.text)
    TIM_SelectCCDMA                          0x08004d09   Thumb Code    24  stm32f4xx_tim.o(.text)
    TIM_InternalClockConfig                  0x08004d21   Thumb Code    10  stm32f4xx_tim.o(.text)
    TIM_SelectInputTrigger                   0x08004d2b   Thumb Code    12  stm32f4xx_tim.o(.text)
    TIM_ITRxExternalClockConfig              0x08004d37   Thumb Code    20  stm32f4xx_tim.o(.text)
    TIM_TIxExternalClockConfig               0x08004d4b   Thumb Code    48  stm32f4xx_tim.o(.text)
    TIM_ETRConfig                            0x08004d7b   Thumb Code    24  stm32f4xx_tim.o(.text)
    TIM_ETRClockMode1Config                  0x08004d93   Thumb Code    32  stm32f4xx_tim.o(.text)
    TIM_ETRClockMode2Config                  0x08004db3   Thumb Code    20  stm32f4xx_tim.o(.text)
    TIM_SelectOutputTrigger                  0x08004dc7   Thumb Code    16  stm32f4xx_tim.o(.text)
    TIM_SelectSlaveMode                      0x08004dd7   Thumb Code    16  stm32f4xx_tim.o(.text)
    TIM_SelectMasterSlaveMode                0x08004de7   Thumb Code    16  stm32f4xx_tim.o(.text)
    TIM_EncoderInterfaceConfig               0x08004df7   Thumb Code    50  stm32f4xx_tim.o(.text)
    TIM_SelectHallSensor                     0x08004e29   Thumb Code    24  stm32f4xx_tim.o(.text)
    TIM_RemapConfig                          0x08004e41   Thumb Code     6  stm32f4xx_tim.o(.text)
    USART_DeInit                             0x08004e49   Thumb Code   224  stm32f4xx_usart.o(.text)
    USART_Init                               0x08004f29   Thumb Code   180  stm32f4xx_usart.o(.text)
    USART_StructInit                         0x08004fdd   Thumb Code    22  stm32f4xx_usart.o(.text)
    USART_ClockInit                          0x08004ff3   Thumb Code    28  stm32f4xx_usart.o(.text)
    USART_ClockStructInit                    0x0800500f   Thumb Code    12  stm32f4xx_usart.o(.text)
    USART_Cmd                                0x0800501b   Thumb Code    24  stm32f4xx_usart.o(.text)
    USART_SetPrescaler                       0x08005033   Thumb Code    16  stm32f4xx_usart.o(.text)
    USART_OverSampling8Cmd                   0x08005043   Thumb Code    24  stm32f4xx_usart.o(.text)
    USART_OneBitMethodCmd                    0x0800505b   Thumb Code    24  stm32f4xx_usart.o(.text)
    USART_SendData                           0x08005073   Thumb Code     8  stm32f4xx_usart.o(.text)
    USART_ReceiveData                        0x0800507b   Thumb Code     8  stm32f4xx_usart.o(.text)
    USART_SetAddress                         0x08005083   Thumb Code    16  stm32f4xx_usart.o(.text)
    USART_ReceiverWakeUpCmd                  0x08005093   Thumb Code    24  stm32f4xx_usart.o(.text)
    USART_WakeUpConfig                       0x080050ab   Thumb Code    16  stm32f4xx_usart.o(.text)
    USART_LINBreakDetectLengthConfig         0x080050bb   Thumb Code    16  stm32f4xx_usart.o(.text)
    USART_LINCmd                             0x080050cb   Thumb Code    24  stm32f4xx_usart.o(.text)
    USART_SendBreak                          0x080050e3   Thumb Code    10  stm32f4xx_usart.o(.text)
    USART_HalfDuplexCmd                      0x080050ed   Thumb Code    24  stm32f4xx_usart.o(.text)
    USART_SetGuardTime                       0x08005105   Thumb Code    16  stm32f4xx_usart.o(.text)
    USART_SmartCardCmd                       0x08005115   Thumb Code    24  stm32f4xx_usart.o(.text)
    USART_SmartCardNACKCmd                   0x0800512d   Thumb Code    24  stm32f4xx_usart.o(.text)
    USART_IrDAConfig                         0x08005145   Thumb Code    16  stm32f4xx_usart.o(.text)
    USART_IrDACmd                            0x08005155   Thumb Code    24  stm32f4xx_usart.o(.text)
    USART_DMACmd                             0x0800516d   Thumb Code    20  stm32f4xx_usart.o(.text)
    USART_ITConfig                           0x08005181   Thumb Code    54  stm32f4xx_usart.o(.text)
    USART_GetFlagStatus                      0x080051b7   Thumb Code    14  stm32f4xx_usart.o(.text)
    USART_ClearFlag                          0x080051c5   Thumb Code     8  stm32f4xx_usart.o(.text)
    USART_GetITStatus                        0x080051cd   Thumb Code    64  stm32f4xx_usart.o(.text)
    USART_ClearITPendingBit                  0x0800520d   Thumb Code    16  stm32f4xx_usart.o(.text)
    control_task                             0x0800523d   Thumb Code   252  control_task.o(.text)
    control_task_Init                        0x08005339   Thumb Code     4  control_task.o(.text)
    balance_param_init                       0x08005361   Thumb Code   636  balance_task.o(.text)
    motor_torque_set                         0x080055dd   Thumb Code   106  balance_task.o(.text)
    init_tp_calc                             0x08005647   Thumb Code   132  balance_task.o(.text)
    transform_angle_0_2pi                    0x080056cb   Thumb Code    66  balance_task.o(.text)
    normalize_angle_pi                       0x0800570d   Thumb Code   176  balance_task.o(.text)
    stand                                    0x080057bd   Thumb Code   648  balance_task.o(.text)
    get_remote_angle                         0x08005a45   Thumb Code   232  balance_task.o(.text)
    MODE_CHANGE_ONLY_CHASSIS                 0x08005b2d   Thumb Code   482  balance_task.o(.text)
    MODE_CHANGE                              0x08005d0f   Thumb Code   106  balance_task.o(.text)
    wheel_state_estimate_right               0x08005d79   Thumb Code    28  balance_task.o(.text)
    wheel_state_estimate_left                0x08005d95   Thumb Code    28  balance_task.o(.text)
    lqr_k                                    0x08005db1   Thumb Code  1374  balance_task.o(.text)
    FN_Spring_right                          0x0800630f   Thumb Code   280  balance_task.o(.text)
    FN_Spring_left                           0x08006427   Thumb Code   558  balance_task.o(.text)
    balance_task                             0x08006655   Thumb Code  3636  balance_task.o(.text)
    chassis_rotate_handle                    0x08007489   Thumb Code   290  balance_task.o(.text)
    chassis_follow_gim_handle                0x080075ab   Thumb Code   914  balance_task.o(.text)
    balance_jump_handle                      0x0800793d   Thumb Code   814  balance_task.o(.text)
    chassis_standup_handle                   0x08007c6b   Thumb Code   138  balance_task.o(.text)
    limit_outer                              0x08007cf5   Thumb Code   476  balance_task.o(.text)
    chassis_Init_handle                      0x08007ed1   Thumb Code  1280  balance_task.o(.text)
    chassis_test_all                         0x080083d1   Thumb Code   846  balance_task.o(.text)
    chassis_side_handle                      0x0800871f   Thumb Code  1102  balance_task.o(.text)
    chassis_seperate_handle                  0x08008b6d   Thumb Code   106  balance_task.o(.text)
    balance_down_run_handle                  0x08008bd7   Thumb Code  1174  balance_task.o(.text)
    balance_over_slope_handle                0x0800906d   Thumb Code   912  balance_task.o(.text)
    chassis_single_leg_handle                0x080093fd   Thumb Code   496  balance_task.o(.text)
    chassis_stop_handle                      0x080095ed   Thumb Code    66  balance_task.o(.text)
    chassis_cmd_selest                       0x0800962f   Thumb Code   482  balance_task.o(.text)
    chassis_task                             0x08009811   Thumb Code   912  balance_task.o(.text)
    chassis_follow_gyro                      0x08009ba1   Thumb Code   298  balance_task.o(.text)
    yaw_control_update                       0x08009ccb   Thumb Code   250  balance_task.o(.text)
    balance_jump_distance_yaw_handle         0x08009dc5   Thumb Code  1162  balance_task.o(.text)
    balance_jump_double_handle               0x0800a24f   Thumb Code  1420  balance_task.o(.text)
    balance_step_handle                      0x0800a7db   Thumb Code     2  balance_task.o(.text)
    jump_task                                0x0800a7dd   Thumb Code   238  balance_task.o(.text)
    balance_task_stand                       0x0800a8cb   Thumb Code   458  balance_task.o(.text)
    wheel_state_estimate_sum                 0x0800aa95   Thumb Code    50  balance_task.o(.text)
    leg_J_cal                                0x0800ab61   Thumb Code   718  leg_task.o(.text)
    leg_spd                                  0x0800ae2f   Thumb Code   784  leg_task.o(.text)
    leg_pos                                  0x0800b13f   Thumb Code   250  leg_task.o(.text)
    VMC_data_get                             0x0800b239   Thumb Code   218  leg_task.o(.text)
    FN_calculate                             0x0800b313   Thumb Code   468  leg_task.o(.text)
    leg_conv                                 0x0800b4e7   Thumb Code   720  leg_task.o(.text)
    Mileage_karman_filter_Init               0x0800b7dd   Thumb Code   240  mileage.o(.text)
    Mileage_kalman_filter_calc               0x0800b8cd   Thumb Code   450  mileage.o(.text)
    Mileage_kalman_filter_reset              0x0800ba8f   Thumb Code    30  mileage.o(.text)
    difference_left_calc                     0x0800bab9   Thumb Code    24  wheel_observe.o(.text)
    difference_right_calc                    0x0800bad1   Thumb Code    24  wheel_observe.o(.text)
    Lpf_1st_calcu                            0x0800baed   Thumb Code    70  low_pass_filter.o(.text)
    abs_limit                                0x0800bb39   Thumb Code    42  oldpid.o(.text)
    pid_calc                                 0x0800bb77   Thumb Code   398  oldpid.o(.text)
    pid_calc_angle_dir                       0x0800bd05   Thumb Code   420  oldpid.o(.text)
    pid_calc1                                0x0800bea9   Thumb Code   404  oldpid.o(.text)
    PID_struct_init                          0x0800c03d   Thumb Code    10  oldpid.o(.text)
    pid_clr                                  0x0800c047   Thumb Code    34  oldpid.o(.text)
    pid_double_loop_cal                      0x0800c069   Thumb Code    58  oldpid.o(.text)
    trackRamp                                0x0800c0a9   Thumb Code   124  ramp.o(.text)
    trackRamp_leg                            0x0800c125   Thumb Code    96  ramp.o(.text)
    CAN1_Mode_Init                           0x0800c18d   Thumb Code   212  can.o(.text)
    CAN1_TX_IRQHandler                       0x0800c261   Thumb Code    30  can.o(.text)
    CAN1_RX0_IRQHandler                      0x0800c27f   Thumb Code    54  can.o(.text)
    CAN2_Mode_Init                           0x0800c2b5   Thumb Code   238  can.o(.text)
    CAN2_TX_IRQHandler                       0x0800c3a3   Thumb Code    30  can.o(.text)
    CAN2_RX0_IRQHandler                      0x0800c3c1   Thumb Code    44  can.o(.text)
    TIM6_Configuration                       0x0800c401   Thumb Code   100  timer.o(.text)
    TIM6_DAC_IRQHandler                      0x0800c465   Thumb Code    42  timer.o(.text)
    usart_Init                               0x0800c495   Thumb Code   348  usart.o(.text)
    usartDmaSendDataProc                     0x0800c5f1   Thumb Code    22  usart.o(.text)
    USART_send_single_byte                   0x0800c607   Thumb Code    14  usart.o(.text)
    USART_send_bytes                         0x0800c615   Thumb Code    28  usart.o(.text)
    USART1_IRQHandler                        0x0800c631   Thumb Code   272  usart.o(.text)
    USART2_IRQHandler                        0x0800c741   Thumb Code   260  usart.o(.text)
    USART3_IRQHandler                        0x0800c845   Thumb Code   234  usart.o(.text)
    UART4_IRQHandler                         0x0800c92f   Thumb Code   286  usart.o(.text)
    UART5_IRQHandler                         0x0800ca4d   Thumb Code   270  usart.o(.text)
    USART6_IRQHandler                        0x0800cb5b   Thumb Code   254  usart.o(.text)
    DMA2_Stream7_IRQHandler                  0x0800cc59   Thumb Code    46  usart.o(.text)
    DMA1_Stream6_IRQHandler                  0x0800cc87   Thumb Code    44  usart.o(.text)
    DMA1_Stream3_IRQHandler                  0x0800ccb3   Thumb Code    44  usart.o(.text)
    DMA1_Stream4_IRQHandler                  0x0800ccdf   Thumb Code    44  usart.o(.text)
    DMA1_Stream7_IRQHandler                  0x0800cd0b   Thumb Code    44  usart.o(.text)
    DMA2_Stream6_IRQHandler                  0x0800cd37   Thumb Code    44  usart.o(.text)
    BSP_Init                                 0x0800cd8d   Thumb Code   144  bsp.o(.text)
    convert_ecd_angle_to_0_2pi               0x0800ce1d   Thumb Code    74  bsp.o(.text)
    convert_ecd_angle_to__pi_pi              0x0800ce67   Thumb Code    46  bsp.o(.text)
    arm_copy_f32                             0x0800cebd   Thumb Code    18  arm_copy_f32.o(.text)
    arm_mat_add_f32                          0x0800cecf   Thumb Code    42  arm_mat_add_f32.o(.text)
    arm_mat_init_f32                         0x0800cef9   Thumb Code     8  arm_mat_init_f32.o(.text)
    arm_mat_inverse_f32                      0x0800cf01   Thumb Code   674  arm_mat_inverse_f32.o(.text)
    arm_mat_mult_f32                         0x0800d1a9   Thumb Code   110  arm_mat_mult_f32.o(.text)
    arm_mat_sub_f32                          0x0800d21d   Thumb Code    42  arm_mat_sub_f32.o(.text)
    arm_mat_trans_f32                        0x0800d247   Thumb Code    50  arm_mat_trans_f32.o(.text)
    __2sprintf                               0x0800d279   Thumb Code    34  noretval__2sprintf.o(.text)
    __printf                                 0x0800d2a1   Thumb Code   104  __printf.o(.text)
    __aeabi_memcpy                           0x0800d309   Thumb Code     0  rt_memcpy_v6.o(.text)
    __rt_memcpy                              0x0800d309   Thumb Code   138  rt_memcpy_v6.o(.text)
    _memcpy_lastbytes                        0x0800d36f   Thumb Code     0  rt_memcpy_v6.o(.text)
    __aeabi_memcpy4                          0x0800d393   Thumb Code     0  rt_memcpy_w.o(.text)
    __aeabi_memcpy8                          0x0800d393   Thumb Code     0  rt_memcpy_w.o(.text)
    __rt_memcpy_w                            0x0800d393   Thumb Code   100  rt_memcpy_w.o(.text)
    _memcpy_lastbytes_aligned                0x0800d3db   Thumb Code     0  rt_memcpy_w.o(.text)
    __aeabi_memclr4                          0x0800d3f7   Thumb Code     0  rt_memclr_w.o(.text)
    __aeabi_memclr8                          0x0800d3f7   Thumb Code     0  rt_memclr_w.o(.text)
    __rt_memclr_w                            0x0800d3f7   Thumb Code    78  rt_memclr_w.o(.text)
    _memset_w                                0x0800d3fb   Thumb Code     0  rt_memclr_w.o(.text)
    __use_two_region_memory                  0x0800d445   Thumb Code     2  heapauxi.o(.text)
    __rt_heap_escrow$2region                 0x0800d447   Thumb Code     2  heapauxi.o(.text)
    __rt_heap_expand$2region                 0x0800d449   Thumb Code     2  heapauxi.o(.text)
    __read_errno                             0x0800d44b   Thumb Code    10  _rserrno.o(.text)
    __set_errno                              0x0800d455   Thumb Code    12  _rserrno.o(.text)
    __lib_sel_fp_printf                      0x0800d461   Thumb Code     2  _printf_fp_dec.o(.text)
    _printf_fp_dec_real                      0x0800d613   Thumb Code   620  _printf_fp_dec.o(.text)
    _printf_char_common                      0x0800d88b   Thumb Code    32  _printf_char_common.o(.text)
    _sputc                                   0x0800d8b1   Thumb Code    10  _sputc.o(.text)
    __rt_locale                              0x0800d8bd   Thumb Code     8  rt_locale_intlibspace.o(.text)
    __aeabi_errno_addr                       0x0800d8c5   Thumb Code     8  rt_errno_addr_intlibspace.o(.text)
    __errno$intlibspace                      0x0800d8c5   Thumb Code     0  rt_errno_addr_intlibspace.o(.text)
    __rt_errno_addr$intlibspace              0x0800d8c5   Thumb Code     0  rt_errno_addr_intlibspace.o(.text)
    _ll_udiv10                               0x0800d8cd   Thumb Code   138  lludiv10.o(.text)
    _printf_fp_infnan                        0x0800d959   Thumb Code   112  _printf_fp_infnan.o(.text)
    _btod_etento                             0x0800d9d9   Thumb Code   224  bigflt0.o(.text)
    __user_libspace                          0x0800dabd   Thumb Code     8  libspace.o(.text)
    __user_perproc_libspace                  0x0800dabd   Thumb Code     0  libspace.o(.text)
    __user_perthread_libspace                0x0800dabd   Thumb Code     0  libspace.o(.text)
    __user_setup_stackheap                   0x0800dac5   Thumb Code    74  sys_stackheap_outer.o(.text)
    exit                                     0x0800db0f   Thumb Code    18  exit.o(.text)
    strcmp                                   0x0800db21   Thumb Code   128  strcmpv7m.o(.text)
    _sys_exit                                0x0800dba1   Thumb Code     8  sys_exit.o(.text)
    __I$use$semihosting                      0x0800dbad   Thumb Code     0  use_no_semi.o(.text)
    __use_no_semihosting_swi                 0x0800dbad   Thumb Code     2  use_no_semi.o(.text)
    __semihosting_library_function           0x0800dbaf   Thumb Code     0  indicate_semi.o(.text)
    _btod_d2e                                0x0800dbaf   Thumb Code    62  btod.o(CL$$btod_d2e)
    _d2e_denorm_low                          0x0800dbed   Thumb Code    70  btod.o(CL$$btod_d2e_denorm_low)
    _d2e_norm_op1                            0x0800dc33   Thumb Code    96  btod.o(CL$$btod_d2e_norm_op1)
    __btod_div_common                        0x0800dc93   Thumb Code   696  btod.o(CL$$btod_div_common)
    _e2e                                     0x0800dfcb   Thumb Code   220  btod.o(CL$$btod_e2e)
    _btod_ediv                               0x0800e0a7   Thumb Code    42  btod.o(CL$$btod_ediv)
    _btod_emul                               0x0800e0d1   Thumb Code    42  btod.o(CL$$btod_emul)
    __btod_mult_common                       0x0800e0fb   Thumb Code   580  btod.o(CL$$btod_mult_common)
    __ARM_fpclassify                         0x0800e33f   Thumb Code    48  fpclassify.o(i.__ARM_fpclassify)
    __ARM_fpclassifyf                        0x0800e36f   Thumb Code    38  fpclassifyf.o(i.__ARM_fpclassifyf)
    __hardfp_atan                            0x0800e399   Thumb Code   622  atan.o(i.__hardfp_atan)
    __hardfp_atan2                           0x0800e671   Thumb Code   448  atan2.o(i.__hardfp_atan2)
    __hardfp_atan2f                          0x0800e871   Thumb Code   594  atan2f.o(i.__hardfp_atan2f)
    __hardfp_atanf                           0x0800eb1d   Thumb Code   296  atanf.o(i.__hardfp_atanf)
    __hardfp_cos                             0x0800ec81   Thumb Code   180  cos.o(i.__hardfp_cos)
    __hardfp_cosf                            0x0800ed49   Thumb Code   280  cosf.o(i.__hardfp_cosf)
    __hardfp_fabs                            0x0800ee99   Thumb Code    20  fabs.o(i.__hardfp_fabs)
    __hardfp_fmod                            0x0800eead   Thumb Code   254  fmod.o(i.__hardfp_fmod)
    __hardfp_sinf                            0x0800efb1   Thumb Code   344  sinf.o(i.__hardfp_sinf)
    __hardfp_sqrt                            0x0800f141   Thumb Code   122  sqrt.o(i.__hardfp_sqrt)
    __hardfp_sqrtf                           0x0800f1bb   Thumb Code    58  sqrtf.o(i.__hardfp_sqrtf)
    __ieee754_rem_pio2                       0x0800f1f9   Thumb Code   938  rred.o(i.__ieee754_rem_pio2)
    __kernel_cos                             0x0800f631   Thumb Code   322  cos_i.o(i.__kernel_cos)
    __kernel_poly                            0x0800f7a1   Thumb Code   248  poly.o(i.__kernel_poly)
    __kernel_sin                             0x0800f899   Thumb Code   280  sin_i.o(i.__kernel_sin)
    __mathlib_dbl_infnan                     0x0800f9c9   Thumb Code    20  dunder.o(i.__mathlib_dbl_infnan)
    __mathlib_dbl_infnan2                    0x0800f9dd   Thumb Code    20  dunder.o(i.__mathlib_dbl_infnan2)
    __mathlib_dbl_invalid                    0x0800f9f1   Thumb Code    24  dunder.o(i.__mathlib_dbl_invalid)
    __mathlib_dbl_underflow                  0x0800fa11   Thumb Code    24  dunder.o(i.__mathlib_dbl_underflow)
    __mathlib_flt_infnan                     0x0800fa31   Thumb Code     6  funder.o(i.__mathlib_flt_infnan)
    __mathlib_flt_infnan2                    0x0800fa37   Thumb Code     6  funder.o(i.__mathlib_flt_infnan2)
    __mathlib_flt_invalid                    0x0800fa3d   Thumb Code    10  funder.o(i.__mathlib_flt_invalid)
    __mathlib_flt_underflow                  0x0800fa4d   Thumb Code    10  funder.o(i.__mathlib_flt_underflow)
    __mathlib_rredf2                         0x0800fa5d   Thumb Code   316  rredf.o(i.__mathlib_rredf2)
    atan                                     0x0800fbb1   Thumb Code    16  atan.o(i.atan)
    fabs                                     0x0800fbc1   Thumb Code    24  fabs.o(i.fabs)
    _get_lc_numeric                          0x0800fbd9   Thumb Code    44  lc_numeric_c.o(locale$$code)
    __aeabi_dneg                             0x0800fc05   Thumb Code     0  basic.o(x$fpl$basic)
    _dneg                                    0x0800fc05   Thumb Code     6  basic.o(x$fpl$basic)
    __aeabi_fneg                             0x0800fc0b   Thumb Code     0  basic.o(x$fpl$basic)
    _fneg                                    0x0800fc0b   Thumb Code     6  basic.o(x$fpl$basic)
    _dabs                                    0x0800fc11   Thumb Code     6  basic.o(x$fpl$basic)
    _fabs                                    0x0800fc17   Thumb Code     6  basic.o(x$fpl$basic)
    __aeabi_d2f                              0x0800fc1d   Thumb Code     0  d2f.o(x$fpl$d2f)
    _d2f                                     0x0800fc1d   Thumb Code    98  d2f.o(x$fpl$d2f)
    __aeabi_dadd                             0x0800fc81   Thumb Code     0  daddsub_clz.o(x$fpl$dadd)
    _dadd                                    0x0800fc81   Thumb Code   332  daddsub_clz.o(x$fpl$dadd)
    __fpl_dcmp_Inf                           0x0800fdd1   Thumb Code    24  dcmpi.o(x$fpl$dcmpinf)
    __aeabi_ddiv                             0x0800fde9   Thumb Code     0  ddiv.o(x$fpl$ddiv)
    _ddiv                                    0x0800fde9   Thumb Code   552  ddiv.o(x$fpl$ddiv)
    __aeabi_cdcmpeq                          0x08010099   Thumb Code     0  deqf.o(x$fpl$deqf)
    _dcmpeq                                  0x08010099   Thumb Code   120  deqf.o(x$fpl$deqf)
    __aeabi_d2iz                             0x08010111   Thumb Code     0  dfix.o(x$fpl$dfix)
    _dfix                                    0x08010111   Thumb Code    94  dfix.o(x$fpl$dfix)
    __aeabi_d2uiz                            0x08010171   Thumb Code     0  dfixu.o(x$fpl$dfixu)
    _dfixu                                   0x08010171   Thumb Code    90  dfixu.o(x$fpl$dfixu)
    __aeabi_i2d                              0x080101cb   Thumb Code     0  dflt_clz.o(x$fpl$dflt)
    _dflt                                    0x080101cb   Thumb Code    46  dflt_clz.o(x$fpl$dflt)
    __aeabi_ui2d                             0x080101f9   Thumb Code     0  dflt_clz.o(x$fpl$dfltu)
    _dfltu                                   0x080101f9   Thumb Code    38  dflt_clz.o(x$fpl$dfltu)
    __aeabi_cdcmple                          0x08010221   Thumb Code     0  dleqf.o(x$fpl$dleqf)
    _dcmple                                  0x08010221   Thumb Code   120  dleqf.o(x$fpl$dleqf)
    __fpl_dcmple_InfNaN                      0x08010283   Thumb Code     0  dleqf.o(x$fpl$dleqf)
    __aeabi_dmul                             0x08010299   Thumb Code     0  dmul.o(x$fpl$dmul)
    _dmul                                    0x08010299   Thumb Code   332  dmul.o(x$fpl$dmul)
    __fpl_dnaninf                            0x080103ed   Thumb Code   156  dnaninf.o(x$fpl$dnaninf)
    _drem                                    0x08010489   Thumb Code   328  drem_clz.o(x$fpl$drem)
    __fpl_dretinf                            0x080105d9   Thumb Code    12  dretinf.o(x$fpl$dretinf)
    __aeabi_cdrcmple                         0x080105e5   Thumb Code     0  drleqf.o(x$fpl$drleqf)
    _drcmple                                 0x080105e5   Thumb Code   108  drleqf.o(x$fpl$drleqf)
    __aeabi_drsub                            0x08010651   Thumb Code     0  daddsub_clz.o(x$fpl$drsb)
    _drsb                                    0x08010651   Thumb Code    22  daddsub_clz.o(x$fpl$drsb)
    _dsqrt                                   0x08010669   Thumb Code   404  dsqrt_umaal.o(x$fpl$dsqrt)
    __aeabi_dsub                             0x08010801   Thumb Code     0  daddsub_clz.o(x$fpl$dsub)
    _dsub                                    0x08010801   Thumb Code   464  daddsub_clz.o(x$fpl$dsub)
    __aeabi_f2d                              0x080109d5   Thumb Code     0  f2d.o(x$fpl$f2d)
    _f2d                                     0x080109d5   Thumb Code    86  f2d.o(x$fpl$f2d)
    __fpl_fnaninf                            0x08010a2b   Thumb Code   140  fnaninf.o(x$fpl$fnaninf)
    _fp_init                                 0x08010ab7   Thumb Code    10  fpinit.o(x$fpl$fpinit)
    __fplib_config_fpu_vfp                   0x08010abf   Thumb Code     0  fpinit.o(x$fpl$fpinit)
    __fplib_config_pureend_doubles           0x08010abf   Thumb Code     0  fpinit.o(x$fpl$fpinit)
    __fpl_fretinf                            0x08010ac1   Thumb Code    10  fretinf.o(x$fpl$fretinf)
    _printf_fp_dec                           0x08010acb   Thumb Code     4  printf1.o(x$fpl$printf1)
    CRC8_TAB                                 0x08010ace   Data         256  judge.o(.constdata)
    __I$use$fp                               0x08010ace   Number         0  usenofp.o(x$fpl$usenofp)
    wCRC_Table                               0x08010bce   Data         512  judge.o(.constdata)
    __mathlib_zero                           0x08010e98   Data           8  qnan.o(.constdata)
    Region$$Table$$Base                      0x08011044   Number         0  anon$$obj.o(Region$$Table)
    Region$$Table$$Limit                     0x08011064   Number         0  anon$$obj.o(Region$$Table)
    mea_distance                             0x20000000   Data           4  senior.o(.data)
    CRC_INIT                                 0x20000004   Data           2  judge.o(.data)
    last_base                                0x20000006   Data           2  judge.o(.data)
    this_base                                0x20000008   Data           2  judge.o(.data)
    last_security                            0x2000000a   Data           2  judge.o(.data)
    this_security                            0x2000000c   Data           2  judge.o(.data)
    remain_heat                              0x2000000e   Data           2  judge.o(.data)
    already_shoot                            0x20000010   Data           4  judge.o(.data)
    last_shoot_speed                         0x20000014   Data           4  judge.o(.data)
    this_shoot_speed                         0x20000018   Data           4  judge.o(.data)
    Bullet_Speed_Kalman                      0x2000001c   Data          24  judge.o(.data)
    gimbal_control_state                     0x20000034   Data           1  usart_chassis_transmit.o(.data)
    gimbal_control_state_longtime            0x20000035   Data           1  usart_chassis_transmit.o(.data)
    gimbal_control_online_heart_cnt          0x20000038   Data           4  usart_chassis_transmit.o(.data)
    client_custom_ID                         0x2000003c   Data           2  client.o(.data)
    dataG                                    0x2000003e   Data           4  client.o(.data)
    dataD                                    0x20000042   Data           5  client.o(.data)
    dataC                                    0x20000047   Data           6  client.o(.data)
    dataF                                    0x2000004d   Data           6  client.o(.data)
    send_to_aerial                           0x20000053   Data           6  client.o(.data)
    dataB                                    0x20000059   Data           7  client.o(.data)
    dataE                                    0x20000060   Data           7  client.o(.data)
    dataH                                    0x20000067   Data           7  client.o(.data)
    UI                                       0x20000070   Data          24  client.o(.data)
    cap_down_arc                             0x20000088   Data          15  client.o(.data)
    cap_up_arc                               0x20000097   Data          15  client.o(.data)
    heat_down_arc                            0x200000a6   Data          15  client.o(.data)
    heat_up_arc                              0x200000b5   Data          15  client.o(.data)
    yaw_down_arc                             0x200000c4   Data          15  client.o(.data)
    yaw_up_arc                               0x200000d3   Data          15  client.o(.data)
    vision_c2                                0x200000e2   Data          15  client.o(.data)
    bullet                                   0x200000f1   Data          15  client.o(.data)
    level                                    0x20000100   Data          15  client.o(.data)
    leg                                      0x2000010f   Data          15  client.o(.data)
    jump_distance                            0x2000011e   Data          15  client.o(.data)
    battery_ract                             0x2000012d   Data          15  client.o(.data)
    battery                                  0x2000013c   Data          15  client.o(.data)
    sight1                                   0x2000014b   Data          15  client.o(.data)
    l3                                       0x2000015a   Data          15  client.o(.data)
    l4                                       0x20000169   Data          15  client.o(.data)
    l5                                       0x20000178   Data          15  client.o(.data)
    wheel                                    0x20000187   Data          15  client.o(.data)
    arrows1_l1                               0x20000196   Data          15  client.o(.data)
    arrows1_l2                               0x200001a5   Data          15  client.o(.data)
    lollipop_line                            0x200001b4   Data          15  client.o(.data)
    lollipop_circle                          0x200001c3   Data          15  client.o(.data)
    jump_hint_line1                          0x200001d2   Data          15  client.o(.data)
    jump_hint_line2                          0x200001e1   Data          15  client.o(.data)
    chassis_mode_circle                      0x200001f0   Data          15  client.o(.data)
    _b1                                      0x200001ff   Data          15  client.o(.data)
    _r1                                      0x2000020e   Data          15  client.o(.data)
    _b2                                      0x2000021d   Data          15  client.o(.data)
    _r2                                      0x2000022c   Data          15  client.o(.data)
    _b3                                      0x2000023b   Data          15  client.o(.data)
    _r3                                      0x2000024a   Data          15  client.o(.data)
    _b5                                      0x20000259   Data          15  client.o(.data)
    _r5                                      0x20000268   Data          15  client.o(.data)
    _b7                                      0x20000277   Data          15  client.o(.data)
    _r7                                      0x20000286   Data          15  client.o(.data)
    _b8                                      0x20000295   Data          15  client.o(.data)
    _r8                                      0x200002a4   Data          15  client.o(.data)
    _b6                                      0x200002b3   Data          15  client.o(.data)
    _r6                                      0x200002c2   Data          15  client.o(.data)
    Super_Cap_Send                           0x200002d1   Data           6  supper_cap.o(.data)
    can_capacitance_message                  0x200002d7   Data           5  supper_cap.o(.data)
    TF02_state                               0x200002dc   Data           1  tf02.o(.data)
    TF02_heart_cnt                           0x200002e0   Data           4  tf02.o(.data)
    T_motor1_iq                              0x200002e4   Data           2  dji_motor.o(.data)
    T_motor2_iq                              0x200002e6   Data           2  dji_motor.o(.data)
    remote_flagW2                            0x200002f4   Data           1  remote.o(.data)
    remote_flagA2                            0x200002f5   Data           1  remote.o(.data)
    remote_flagS2                            0x200002f6   Data           1  remote.o(.data)
    remote_flagD2                            0x200002f7   Data           1  remote.o(.data)
    remote_flagSHIFT2                        0x200002f8   Data           1  remote.o(.data)
    remote_flagCTRL2                         0x200002f9   Data           1  remote.o(.data)
    remote_flagQ2                            0x200002fa   Data           1  remote.o(.data)
    remote_flagE2                            0x200002fb   Data           1  remote.o(.data)
    remote_flagR2                            0x200002fc   Data           1  remote.o(.data)
    remote_flagF2                            0x200002fd   Data           1  remote.o(.data)
    remote_flagG2                            0x200002fe   Data           1  remote.o(.data)
    remote_flagZ2                            0x200002ff   Data           1  remote.o(.data)
    remote_flagX2                            0x20000300   Data           1  remote.o(.data)
    remote_flagC2                            0x20000301   Data           1  remote.o(.data)
    remote_flagV2                            0x20000302   Data           1  remote.o(.data)
    remote_flagB2                            0x20000303   Data           1  remote.o(.data)
    remote_flagW1                            0x20000304   Data           1  remote.o(.data)
    remote_flagA1                            0x20000305   Data           1  remote.o(.data)
    remote_flagS1                            0x20000306   Data           1  remote.o(.data)
    remote_flagD1                            0x20000307   Data           1  remote.o(.data)
    remote_flagSHIFT1                        0x20000308   Data           1  remote.o(.data)
    remote_flagCTRL1                         0x20000309   Data           1  remote.o(.data)
    remote_flagQ1                            0x2000030a   Data           1  remote.o(.data)
    remote_flagE1                            0x2000030b   Data           1  remote.o(.data)
    remote_flagR1                            0x2000030c   Data           1  remote.o(.data)
    remote_flagF1                            0x2000030d   Data           1  remote.o(.data)
    remote_flagG1                            0x2000030e   Data           1  remote.o(.data)
    remote_flagZ1                            0x2000030f   Data           1  remote.o(.data)
    remote_flagX1                            0x20000310   Data           1  remote.o(.data)
    remote_flagC1                            0x20000311   Data           1  remote.o(.data)
    remote_flagV1                            0x20000312   Data           1  remote.o(.data)
    remote_flagB1                            0x20000313   Data           1  remote.o(.data)
    SystemCoreClock                          0x20000314   Data           4  system_stm32f4xx.o(.data)
    AHBPrescTable                            0x20000318   Data          16  system_stm32f4xx.o(.data)
    time_tick                                0x20000338   Data           4  control_task.o(.data)
    over_slope_state                         0x2000033c   Data           1  balance_task.o(.data)
    state_flag_1                             0x2000033d   Data           1  balance_task.o(.data)
    state_flag_2                             0x2000033e   Data           1  balance_task.o(.data)
    jump_state                               0x2000033f   Data           1  balance_task.o(.data)
    jump_state_disance                       0x20000340   Data           1  balance_task.o(.data)
    jump_state_double                        0x20000341   Data           1  balance_task.o(.data)
    step_state                               0x20000342   Data           1  balance_task.o(.data)
    step_flag                                0x20000343   Data           1  balance_task.o(.data)
    midium_leg_flag                          0x20000344   Data           1  balance_task.o(.data)
    if_middle_leg                            0x20000345   Data           1  balance_task.o(.data)
    if_low_middle_leg                        0x20000346   Data           1  balance_task.o(.data)
    init_finish_flag                         0x20000347   Data           1  balance_task.o(.data)
    down_flag                                0x20000348   Data           1  balance_task.o(.data)
    init_abnormal_state                      0x20000349   Data           1  balance_task.o(.data)
    jump_vm_flag                             0x2000034a   Data           1  balance_task.o(.data)
    trust_dist                               0x2000034b   Data           1  balance_task.o(.data)
    down_run_finish_flag                     0x2000034c   Data           1  balance_task.o(.data)
    middle_cnt                               0x2000034e   Data           2  balance_task.o(.data)
    seperate_cnt                             0x20000350   Data           2  balance_task.o(.data)
    over_slope_leglenth_cnt                  0x20000352   Data           2  balance_task.o(.data)
    vw_torque                                0x20000354   Data           4  balance_task.o(.data)
    roll_F_output_angle                      0x20000358   Data           4  balance_task.o(.data)
    roll_leg_F_output                        0x2000035c   Data           4  balance_task.o(.data)
    lp_data                                  0x20000360   Data           4  balance_task.o(.data)
    jump_feedfront                           0x20000364   Data           4  balance_task.o(.data)
    filtered_dist_error                      0x20000368   Data           4  balance_task.o(.data)
    prev_dist_left                           0x2000036c   Data           4  balance_task.o(.data)
    prev_dist_right                          0x20000370   Data           4  balance_task.o(.data)
    max_dist_jump                            0x20000374   Data           4  balance_task.o(.data)
    Driving_t_l                              0x20000378   Data           4  balance_task.o(.data)
    Driving_t_r                              0x2000037c   Data           4  balance_task.o(.data)
    current_fm                               0x20000380   Data           4  balance_task.o(.data)
    final_yaw_gyro                           0x20000384   Data           4  balance_task.o(.data)
    ecd_dtheta                               0x20000388   Data           4  balance_task.o(.data)
    final_dtheta                             0x2000038c   Data           4  balance_task.o(.data)
    balance_Tgain                            0x20000390   Data           4  balance_task.o(.data)
    balance_Tpgain                           0x20000394   Data           4  balance_task.o(.data)
    V_T_outlandgain                          0x20000398   Data           4  balance_task.o(.data)
    V_Tp_outlandgain                         0x2000039c   Data           4  balance_task.o(.data)
    balance_Toutlandgain                     0x200003a0   Data           4  balance_task.o(.data)
    balance_Tpoutlandgain                    0x200003a4   Data           4  balance_task.o(.data)
    target_angle                             0x200003a8   Data           4  balance_task.o(.data)
    ecd_speed                                0x200003ac   Data           4  balance_task.o(.data)
    difference_left                          0x200003b0   Data           4  balance_task.o(.data)
    difference_right                         0x200003b4   Data           4  balance_task.o(.data)
    left_acc                                 0x200003b8   Data           4  balance_task.o(.data)
    right_acc                                0x200003bc   Data           4  balance_task.o(.data)
    phi0_test_0_2pi                          0x200003c0   Data           4  balance_task.o(.data)
    left_leg_phi1_test                       0x200003c4   Data           4  balance_task.o(.data)
    right_leg_phi1_test                      0x200003c8   Data           4  balance_task.o(.data)
    phi0_test                                0x200003cc   Data           4  balance_task.o(.data)
    sep_target_yaw                           0x200003d0   Data           4  balance_task.o(.data)
    allow_gimbal_init                        0x200003d4   Data           1  balance_task.o(.data)
    Jacobian                                 0x200003e0   Data           8  leg_task.o(.data)
    JacobianT                                0x200003e8   Data           8  leg_task.o(.data)
    JacobinT_inv                             0x200003f0   Data           8  leg_task.o(.data)
    mat_F                                    0x200003f8   Data           8  leg_task.o(.data)
    mat_T                                    0x20000400   Data           8  leg_task.o(.data)
    Mileage_kalman_filter                    0x20000434   Data         284  mileage.o(.data)
    prev_gyro_left                           0x20000550   Data           4  wheel_observe.o(.data)
    prev_gyro_right                          0x20000554   Data           4  wheel_observe.o(.data)
    usart1                                   0x20000570   Data        1504  usart.o(.data)
    usart2                                   0x20000b50   Data        1504  usart.o(.data)
    usart3                                   0x20001130   Data        1504  usart.o(.data)
    usart4                                   0x20001710   Data        1504  usart.o(.data)
    usart5                                   0x20001cf0   Data        1504  usart.o(.data)
    usart6                                   0x200022d0   Data        1504  usart.o(.data)
    balance_chassis                          0x200028b0   Data         768  senior.o(.bss)
    chassis_gyro                             0x20002bb0   Data          36  senior.o(.bss)
    judge_rece_mesg                          0x20002bd4   Data         187  judge.o(.bss)
    usart_chassis_data                       0x20002c90   Data          48  usart_chassis_transmit.o(.bss)
    usart_gimbal_data                        0x20002cc0   Data          35  usart_chassis_transmit.o(.bss)
    dddata                                   0x20002ce3   Data         120  client.o(.bss)
    tx_buf                                   0x20002d5b   Data         150  client.o(.bss)
    ddata                                    0x20002df1   Data         120  client.o(.bss)
    A                                        0x20002e69   Data         105  client.o(.bss)
    AA                                       0x20002ed2   Data         105  client.o(.bss)
    AB                                       0x20002f3b   Data         105  client.o(.bss)
    B                                        0x20002fa4   Data          45  client.o(.bss)
    C                                        0x20002fd1   Data          45  client.o(.bss)
    D                                        0x20002ffe   Data          45  client.o(.bss)
    E                                        0x2000302b   Data          45  client.o(.bss)
    F                                        0x20003058   Data          45  client.o(.bss)
    H                                        0x20003085   Data          45  client.o(.bss)
    G                                        0x200030b2   Data          45  client.o(.bss)
    Capacitance_Message_Buf                  0x200030df   Data         100  supper_cap.o(.bss)
    TF02                                     0x20003144   Data          16  tf02.o(.bss)
    DaMiao_8009_Joint_1                      0x200031a0   Data         208  dm8009.o(.bss)
    DaMiao_8009_Joint_2                      0x20003270   Data         208  dm8009.o(.bss)
    DaMiao_8009_Joint_3                      0x20003340   Data         208  dm8009.o(.bss)
    DaMiao_8009_Joint_4                      0x20003410   Data         208  dm8009.o(.bss)
    RC_CtrlData                              0x200034e0   Data          73  remote.o(.bss)
    b_chassis                                0x20003530   Data        2640  balance_task.o(.bss)
    TEST_LPF                                 0x20003ff0   Data          20  low_pass_filter.o(.bss)
    ACC_LPF                                  0x20004004   Data          20  low_pass_filter.o(.bss)
    L_DDZW_LPF                               0x20004018   Data          20  low_pass_filter.o(.bss)
    R_DDZW_LPF                               0x2000402c   Data          20  low_pass_filter.o(.bss)
    __libspace_start                         0x20004040   Data          96  libspace.o(.bss)
    __temporary_stack_top$libspace           0x200040a0   Data           0  libspace.o(.bss)



==============================================================================

Memory Map of the image

  Image Entry point : 0x08000189

  Load Region LR_IROM1 (Base: 0x08000000, Size: 0x00013930, Max: 0x00100000, ABSOLUTE, COMPRESSED[0x00011480])

    Execution Region ER_IROM1 (Exec base: 0x08000000, Load base: 0x08000000, Size: 0x00011080, Max: 0x00100000, ABSOLUTE)

    Exec Addr    Load Addr    Size         Type   Attr      Idx    E Section Name        Object

    0x08000000   0x08000000   0x00000188   Data   RO          846    RESET               startup_stm32f40_41xxx.o
    0x08000188   0x08000188   0x00000008   Code   RO         2508  * !!!main             c_w.l(__main.o)
    0x08000190   0x08000190   0x00000034   Code   RO         2979    !!!scatter          c_w.l(__scatter.o)
    0x080001c4   0x080001c4   0x0000005a   Code   RO         2977    !!dczerorl2         c_w.l(__dczerorl2.o)
    0x0800021e   0x0800021e   0x00000002   PAD
    0x08000220   0x08000220   0x0000001c   Code   RO         2981    !!handler_zi        c_w.l(__scatter_zi.o)
    0x0800023c   0x0800023c   0x00000000   Code   RO         2499    .ARM.Collect$$_printf_percent$$00000000  c_w.l(_printf_percent.o)
    0x0800023c   0x0800023c   0x00000006   Code   RO         2498    .ARM.Collect$$_printf_percent$$00000003  c_w.l(_printf_f.o)
    0x08000242   0x08000242   0x00000004   Code   RO         2689    .ARM.Collect$$_printf_percent$$00000017  c_w.l(_printf_percent_end.o)
    0x08000246   0x08000246   0x00000002   Code   RO         2848    .ARM.Collect$$libinit$$00000000  c_w.l(libinit.o)
    0x08000248   0x08000248   0x00000004   Code   RO         2849    .ARM.Collect$$libinit$$00000001  c_w.l(libinit2.o)
    0x0800024c   0x0800024c   0x00000000   Code   RO         2852    .ARM.Collect$$libinit$$00000004  c_w.l(libinit2.o)
    0x0800024c   0x0800024c   0x00000000   Code   RO         2855    .ARM.Collect$$libinit$$0000000A  c_w.l(libinit2.o)
    0x0800024c   0x0800024c   0x00000000   Code   RO         2857    .ARM.Collect$$libinit$$0000000C  c_w.l(libinit2.o)
    0x0800024c   0x0800024c   0x00000000   Code   RO         2859    .ARM.Collect$$libinit$$0000000E  c_w.l(libinit2.o)
    0x0800024c   0x0800024c   0x00000006   Code   RO         2860    .ARM.Collect$$libinit$$0000000F  c_w.l(libinit2.o)
    0x08000252   0x08000252   0x00000000   Code   RO         2862    .ARM.Collect$$libinit$$00000011  c_w.l(libinit2.o)
    0x08000252   0x08000252   0x00000000   Code   RO         2864    .ARM.Collect$$libinit$$00000013  c_w.l(libinit2.o)
    0x08000252   0x08000252   0x00000000   Code   RO         2866    .ARM.Collect$$libinit$$00000015  c_w.l(libinit2.o)
    0x08000252   0x08000252   0x0000000a   Code   RO         2867    .ARM.Collect$$libinit$$00000016  c_w.l(libinit2.o)
    0x0800025c   0x0800025c   0x00000000   Code   RO         2868    .ARM.Collect$$libinit$$00000017  c_w.l(libinit2.o)
    0x0800025c   0x0800025c   0x00000000   Code   RO         2870    .ARM.Collect$$libinit$$00000019  c_w.l(libinit2.o)
    0x0800025c   0x0800025c   0x00000000   Code   RO         2872    .ARM.Collect$$libinit$$0000001B  c_w.l(libinit2.o)
    0x0800025c   0x0800025c   0x00000000   Code   RO         2874    .ARM.Collect$$libinit$$0000001D  c_w.l(libinit2.o)
    0x0800025c   0x0800025c   0x00000000   Code   RO         2876    .ARM.Collect$$libinit$$0000001F  c_w.l(libinit2.o)
    0x0800025c   0x0800025c   0x00000000   Code   RO         2878    .ARM.Collect$$libinit$$00000021  c_w.l(libinit2.o)
    0x0800025c   0x0800025c   0x00000000   Code   RO         2880    .ARM.Collect$$libinit$$00000023  c_w.l(libinit2.o)
    0x0800025c   0x0800025c   0x00000000   Code   RO         2882    .ARM.Collect$$libinit$$00000025  c_w.l(libinit2.o)
    0x0800025c   0x0800025c   0x00000000   Code   RO         2886    .ARM.Collect$$libinit$$0000002C  c_w.l(libinit2.o)
    0x0800025c   0x0800025c   0x00000000   Code   RO         2888    .ARM.Collect$$libinit$$0000002E  c_w.l(libinit2.o)
    0x0800025c   0x0800025c   0x00000000   Code   RO         2890    .ARM.Collect$$libinit$$00000030  c_w.l(libinit2.o)
    0x0800025c   0x0800025c   0x00000000   Code   RO         2892    .ARM.Collect$$libinit$$00000032  c_w.l(libinit2.o)
    0x0800025c   0x0800025c   0x00000002   Code   RO         2893    .ARM.Collect$$libinit$$00000033  c_w.l(libinit2.o)
    0x0800025e   0x0800025e   0x00000002   Code   RO         2923    .ARM.Collect$$libshutdown$$00000000  c_w.l(libshutdown.o)
    0x08000260   0x08000260   0x00000000   Code   RO         2934    .ARM.Collect$$libshutdown$$00000002  c_w.l(libshutdown2.o)
    0x08000260   0x08000260   0x00000000   Code   RO         2936    .ARM.Collect$$libshutdown$$00000004  c_w.l(libshutdown2.o)
    0x08000260   0x08000260   0x00000000   Code   RO         2938    .ARM.Collect$$libshutdown$$00000006  c_w.l(libshutdown2.o)
    0x08000260   0x08000260   0x00000000   Code   RO         2941    .ARM.Collect$$libshutdown$$00000009  c_w.l(libshutdown2.o)
    0x08000260   0x08000260   0x00000000   Code   RO         2944    .ARM.Collect$$libshutdown$$0000000C  c_w.l(libshutdown2.o)
    0x08000260   0x08000260   0x00000000   Code   RO         2946    .ARM.Collect$$libshutdown$$0000000E  c_w.l(libshutdown2.o)
    0x08000260   0x08000260   0x00000000   Code   RO         2949    .ARM.Collect$$libshutdown$$00000011  c_w.l(libshutdown2.o)
    0x08000260   0x08000260   0x00000002   Code   RO         2950    .ARM.Collect$$libshutdown$$00000012  c_w.l(libshutdown2.o)
    0x08000262   0x08000262   0x00000000   Code   RO         2680    .ARM.Collect$$rtentry$$00000000  c_w.l(__rtentry.o)
    0x08000262   0x08000262   0x00000000   Code   RO         2774    .ARM.Collect$$rtentry$$00000002  c_w.l(__rtentry2.o)
    0x08000262   0x08000262   0x00000006   Code   RO         2786    .ARM.Collect$$rtentry$$00000004  c_w.l(__rtentry4.o)
    0x08000268   0x08000268   0x00000000   Code   RO         2776    .ARM.Collect$$rtentry$$00000009  c_w.l(__rtentry2.o)
    0x08000268   0x08000268   0x00000004   Code   RO         2777    .ARM.Collect$$rtentry$$0000000A  c_w.l(__rtentry2.o)
    0x0800026c   0x0800026c   0x00000000   Code   RO         2779    .ARM.Collect$$rtentry$$0000000C  c_w.l(__rtentry2.o)
    0x0800026c   0x0800026c   0x00000008   Code   RO         2780    .ARM.Collect$$rtentry$$0000000D  c_w.l(__rtentry2.o)
    0x08000274   0x08000274   0x00000002   Code   RO         2894    .ARM.Collect$$rtexit$$00000000  c_w.l(rtexit.o)
    0x08000276   0x08000276   0x00000000   Code   RO         2901    .ARM.Collect$$rtexit$$00000002  c_w.l(rtexit2.o)
    0x08000276   0x08000276   0x00000004   Code   RO         2902    .ARM.Collect$$rtexit$$00000003  c_w.l(rtexit2.o)
    0x0800027a   0x0800027a   0x00000006   Code   RO         2903    .ARM.Collect$$rtexit$$00000004  c_w.l(rtexit2.o)
    0x08000280   0x08000280   0x0000000a   Code   RO            4    .text               main.o
    0x0800028a   0x0800028a   0x00000002   PAD
    0x0800028c   0x0800028c   0x00000024   Code   RO          336    .text               senior.o
    0x080002b0   0x080002b0   0x0000042c   Code   RO          419    .text               judge.o
    0x080006dc   0x080006dc   0x00000200   Code   RO          452    .text               usart_chassis_transmit.o
    0x080008dc   0x080008dc   0x0000147c   Code   RO          513    .text               client.o
    0x08001d58   0x08001d58   0x000000fc   Code   RO          550    .text               supper_cap.o
    0x08001e54   0x08001e54   0x00000098   Code   RO          585    .text               tf02.o
    0x08001eec   0x08001eec   0x00000278   Code   RO          616    .text               canbus.o
    0x08002164   0x08002164   0x00000430   Code   RO          645    .text               dji_motor.o
    0x08002594   0x08002594   0x00000238   Code   RO          672    .text               ch100.o
    0x080027cc   0x080027cc   0x00000374   Code   RO          698    .text               dm8009.o
    0x08002b40   0x08002b40   0x00000360   Code   RO          733    .text               remote.o
    0x08002ea0   0x08002ea0   0x00000190   Code   RO          764    .text               system_stm32f4xx.o
    0x08003030   0x08003030   0x00000012   Code   RO          816    .text               stm32f4xx_it.o
    0x08003042   0x08003042   0x00000002   PAD
    0x08003044   0x08003044   0x00000040   Code   RO          847    .text               startup_stm32f40_41xxx.o
    0x08003084   0x08003084   0x000000bc   Code   RO          854    .text               misc.o
    0x08003140   0x08003140   0x000007bc   Code   RO          902    .text               stm32f4xx_can.o
    0x080038fc   0x080038fc   0x00000344   Code   RO         1118    .text               stm32f4xx_dma.o
    0x08003c40   0x08003c40   0x00000264   Code   RO         1271    .text               stm32f4xx_gpio.o
    0x08003ea4   0x08003ea4   0x000004e0   Code   RO         1466    .text               stm32f4xx_rcc.o
    0x08004384   0x08004384   0x00000ac2   Code   RO         1639    .text               stm32f4xx_tim.o
    0x08004e46   0x08004e46   0x00000002   PAD
    0x08004e48   0x08004e48   0x000003f4   Code   RO         1663    .text               stm32f4xx_usart.o
    0x0800523c   0x0800523c   0x00000124   Code   RO         1711    .text               control_task.o
    0x08005360   0x08005360   0x00005800   Code   RO         1742    .text               balance_task.o
    0x0800ab60   0x0800ab60   0x00000c7c   Code   RO         1821    .text               leg_task.o
    0x0800b7dc   0x0800b7dc   0x000002dc   Code   RO         1849    .text               mileage.o
    0x0800bab8   0x0800bab8   0x00000034   Code   RO         1880    .text               wheel_observe.o
    0x0800baec   0x0800baec   0x0000004c   Code   RO         1997    .text               low_pass_filter.o
    0x0800bb38   0x0800bb38   0x00000570   Code   RO         2033    .text               oldpid.o
    0x0800c0a8   0x0800c0a8   0x000000e4   Code   RO         2061    .text               ramp.o
    0x0800c18c   0x0800c18c   0x00000274   Code   RO         2085    .text               can.o
    0x0800c400   0x0800c400   0x00000094   Code   RO         2185    .text               timer.o
    0x0800c494   0x0800c494   0x000008f8   Code   RO         2212    .text               usart.o
    0x0800cd8c   0x0800cd8c   0x00000130   Code   RO         2242    .text               bsp.o
    0x0800cebc   0x0800cebc   0x00000012   Code   RO         2296    .text               arm_copy_f32.o
    0x0800cece   0x0800cece   0x0000002a   Code   RO         2326    .text               arm_mat_add_f32.o
    0x0800cef8   0x0800cef8   0x00000008   Code   RO         2350    .text               arm_mat_init_f32.o
    0x0800cf00   0x0800cf00   0x000002a8   Code   RO         2374    .text               arm_mat_inverse_f32.o
    0x0800d1a8   0x0800d1a8   0x00000074   Code   RO         2401    .text               arm_mat_mult_f32.o
    0x0800d21c   0x0800d21c   0x0000002a   Code   RO         2425    .text               arm_mat_sub_f32.o
    0x0800d246   0x0800d246   0x00000032   Code   RO         2449    .text               arm_mat_trans_f32.o
    0x0800d278   0x0800d278   0x00000028   Code   RO         2474    .text               c_w.l(noretval__2sprintf.o)
    0x0800d2a0   0x0800d2a0   0x00000068   Code   RO         2476    .text               c_w.l(__printf.o)
    0x0800d308   0x0800d308   0x0000008a   Code   RO         2500    .text               c_w.l(rt_memcpy_v6.o)
    0x0800d392   0x0800d392   0x00000064   Code   RO         2502    .text               c_w.l(rt_memcpy_w.o)
    0x0800d3f6   0x0800d3f6   0x0000004e   Code   RO         2504    .text               c_w.l(rt_memclr_w.o)
    0x0800d444   0x0800d444   0x00000006   Code   RO         2506    .text               c_w.l(heapauxi.o)
    0x0800d44a   0x0800d44a   0x00000016   Code   RO         2681    .text               c_w.l(_rserrno.o)
    0x0800d460   0x0800d460   0x0000041e   Code   RO         2683    .text               c_w.l(_printf_fp_dec.o)
    0x0800d87e   0x0800d87e   0x00000002   PAD
    0x0800d880   0x0800d880   0x00000030   Code   RO         2685    .text               c_w.l(_printf_char_common.o)
    0x0800d8b0   0x0800d8b0   0x0000000a   Code   RO         2687    .text               c_w.l(_sputc.o)
    0x0800d8ba   0x0800d8ba   0x00000002   PAD
    0x0800d8bc   0x0800d8bc   0x00000008   Code   RO         2791    .text               c_w.l(rt_locale_intlibspace.o)
    0x0800d8c4   0x0800d8c4   0x00000008   Code   RO         2796    .text               c_w.l(rt_errno_addr_intlibspace.o)
    0x0800d8cc   0x0800d8cc   0x0000008a   Code   RO         2798    .text               c_w.l(lludiv10.o)
    0x0800d956   0x0800d956   0x00000002   PAD
    0x0800d958   0x0800d958   0x00000080   Code   RO         2800    .text               c_w.l(_printf_fp_infnan.o)
    0x0800d9d8   0x0800d9d8   0x000000e4   Code   RO         2804    .text               c_w.l(bigflt0.o)
    0x0800dabc   0x0800dabc   0x00000008   Code   RO         2834    .text               c_w.l(libspace.o)
    0x0800dac4   0x0800dac4   0x0000004a   Code   RO         2837    .text               c_w.l(sys_stackheap_outer.o)
    0x0800db0e   0x0800db0e   0x00000012   Code   RO         2839    .text               c_w.l(exit.o)
    0x0800db20   0x0800db20   0x00000080   Code   RO         2841    .text               c_w.l(strcmpv7m.o)
    0x0800dba0   0x0800dba0   0x0000000c   Code   RO         2913    .text               c_w.l(sys_exit.o)
    0x0800dbac   0x0800dbac   0x00000002   Code   RO         2924    .text               c_w.l(use_no_semi.o)
    0x0800dbae   0x0800dbae   0x00000000   Code   RO         2926    .text               c_w.l(indicate_semi.o)
    0x0800dbae   0x0800dbae   0x0000003e   Code   RO         2807    CL$$btod_d2e        c_w.l(btod.o)
    0x0800dbec   0x0800dbec   0x00000046   Code   RO         2809    CL$$btod_d2e_denorm_low  c_w.l(btod.o)
    0x0800dc32   0x0800dc32   0x00000060   Code   RO         2808    CL$$btod_d2e_norm_op1  c_w.l(btod.o)
    0x0800dc92   0x0800dc92   0x00000338   Code   RO         2817    CL$$btod_div_common  c_w.l(btod.o)
    0x0800dfca   0x0800dfca   0x000000dc   Code   RO         2814    CL$$btod_e2e        c_w.l(btod.o)
    0x0800e0a6   0x0800e0a6   0x0000002a   Code   RO         2811    CL$$btod_ediv       c_w.l(btod.o)
    0x0800e0d0   0x0800e0d0   0x0000002a   Code   RO         2810    CL$$btod_emul       c_w.l(btod.o)
    0x0800e0fa   0x0800e0fa   0x00000244   Code   RO         2816    CL$$btod_mult_common  c_w.l(btod.o)
    0x0800e33e   0x0800e33e   0x00000030   Code   RO         2738    i.__ARM_fpclassify  m_wm.l(fpclassify.o)
    0x0800e36e   0x0800e36e   0x00000026   Code   RO         2740    i.__ARM_fpclassifyf  m_wm.l(fpclassifyf.o)
    0x0800e394   0x0800e394   0x00000004   PAD
    0x0800e398   0x0800e398   0x000002d8   Code   RO         2707    i.__hardfp_atan     m_wm.l(atan.o)
    0x0800e670   0x0800e670   0x00000200   Code   RO         2552    i.__hardfp_atan2    m_wm.l(atan2.o)
    0x0800e870   0x0800e870   0x000002ac   Code   RO         2564    i.__hardfp_atan2f   m_wm.l(atan2f.o)
    0x0800eb1c   0x0800eb1c   0x00000160   Code   RO         2576    i.__hardfp_atanf    m_wm.l(atanf.o)
    0x0800ec7c   0x0800ec7c   0x00000004   PAD
    0x0800ec80   0x0800ec80   0x000000c8   Code   RO         2588    i.__hardfp_cos      m_wm.l(cos.o)
    0x0800ed48   0x0800ed48   0x00000150   Code   RO         2600    i.__hardfp_cosf     m_wm.l(cosf.o)
    0x0800ee98   0x0800ee98   0x00000014   Code   RO         2626    i.__hardfp_fabs     m_wm.l(fabs.o)
    0x0800eeac   0x0800eeac   0x00000104   Code   RO         2632    i.__hardfp_fmod     m_wm.l(fmod.o)
    0x0800efb0   0x0800efb0   0x00000190   Code   RO         2644    i.__hardfp_sinf     m_wm.l(sinf.o)
    0x0800f140   0x0800f140   0x0000007a   Code   RO         2656    i.__hardfp_sqrt     m_wm.l(sqrt.o)
    0x0800f1ba   0x0800f1ba   0x0000003a   Code   RO         2668    i.__hardfp_sqrtf    m_wm.l(sqrtf.o)
    0x0800f1f4   0x0800f1f4   0x00000004   PAD
    0x0800f1f8   0x0800f1f8   0x00000438   Code   RO         2759    i.__ieee754_rem_pio2  m_wm.l(rred.o)
    0x0800f630   0x0800f630   0x00000170   Code   RO         2721    i.__kernel_cos      m_wm.l(cos_i.o)
    0x0800f7a0   0x0800f7a0   0x000000f8   Code   RO         2756    i.__kernel_poly     m_wm.l(poly.o)
    0x0800f898   0x0800f898   0x00000130   Code   RO         2767    i.__kernel_sin      m_wm.l(sin_i.o)
    0x0800f9c8   0x0800f9c8   0x00000014   Code   RO         2725    i.__mathlib_dbl_infnan  m_wm.l(dunder.o)
    0x0800f9dc   0x0800f9dc   0x00000014   Code   RO         2726    i.__mathlib_dbl_infnan2  m_wm.l(dunder.o)
    0x0800f9f0   0x0800f9f0   0x00000020   Code   RO         2727    i.__mathlib_dbl_invalid  m_wm.l(dunder.o)
    0x0800fa10   0x0800fa10   0x00000020   Code   RO         2730    i.__mathlib_dbl_underflow  m_wm.l(dunder.o)
    0x0800fa30   0x0800fa30   0x00000006   Code   RO         2743    i.__mathlib_flt_infnan  m_wm.l(funder.o)
    0x0800fa36   0x0800fa36   0x00000006   Code   RO         2744    i.__mathlib_flt_infnan2  m_wm.l(funder.o)
    0x0800fa3c   0x0800fa3c   0x00000010   Code   RO         2745    i.__mathlib_flt_invalid  m_wm.l(funder.o)
    0x0800fa4c   0x0800fa4c   0x00000010   Code   RO         2748    i.__mathlib_flt_underflow  m_wm.l(funder.o)
    0x0800fa5c   0x0800fa5c   0x00000154   Code   RO         2764    i.__mathlib_rredf2  m_wm.l(rredf.o)
    0x0800fbb0   0x0800fbb0   0x00000010   Code   RO         2709    i.atan              m_wm.l(atan.o)
    0x0800fbc0   0x0800fbc0   0x00000018   Code   RO         2628    i.fabs              m_wm.l(fabs.o)
    0x0800fbd8   0x0800fbd8   0x0000002c   Code   RO         2830    locale$$code        c_w.l(lc_numeric_c.o)
    0x0800fc04   0x0800fc04   0x00000018   Code   RO         2690    x$fpl$basic         fz_wm.l(basic.o)
    0x0800fc1c   0x0800fc1c   0x00000062   Code   RO         2510    x$fpl$d2f           fz_wm.l(d2f.o)
    0x0800fc7e   0x0800fc7e   0x00000002   PAD
    0x0800fc80   0x0800fc80   0x00000150   Code   RO         2512    x$fpl$dadd          fz_wm.l(daddsub_clz.o)
    0x0800fdd0   0x0800fdd0   0x00000018   Code   RO         2692    x$fpl$dcmpinf       fz_wm.l(dcmpi.o)
    0x0800fde8   0x0800fde8   0x000002b0   Code   RO         2519    x$fpl$ddiv          fz_wm.l(ddiv.o)
    0x08010098   0x08010098   0x00000078   Code   RO         2522    x$fpl$deqf          fz_wm.l(deqf.o)
    0x08010110   0x08010110   0x0000005e   Code   RO         2524    x$fpl$dfix          fz_wm.l(dfix.o)
    0x0801016e   0x0801016e   0x00000002   PAD
    0x08010170   0x08010170   0x0000005a   Code   RO         2532    x$fpl$dfixu         fz_wm.l(dfixu.o)
    0x080101ca   0x080101ca   0x0000002e   Code   RO         2537    x$fpl$dflt          fz_wm.l(dflt_clz.o)
    0x080101f8   0x080101f8   0x00000026   Code   RO         2536    x$fpl$dfltu         fz_wm.l(dflt_clz.o)
    0x0801021e   0x0801021e   0x00000002   PAD
    0x08010220   0x08010220   0x00000078   Code   RO         2542    x$fpl$dleqf         fz_wm.l(dleqf.o)
    0x08010298   0x08010298   0x00000154   Code   RO         2544    x$fpl$dmul          fz_wm.l(dmul.o)
    0x080103ec   0x080103ec   0x0000009c   Code   RO         2694    x$fpl$dnaninf       fz_wm.l(dnaninf.o)
    0x08010488   0x08010488   0x00000150   Code   RO         2696    x$fpl$drem          fz_wm.l(drem_clz.o)
    0x080105d8   0x080105d8   0x0000000c   Code   RO         2698    x$fpl$dretinf       fz_wm.l(dretinf.o)
    0x080105e4   0x080105e4   0x0000006c   Code   RO         2546    x$fpl$drleqf        fz_wm.l(drleqf.o)
    0x08010650   0x08010650   0x00000016   Code   RO         2513    x$fpl$drsb          fz_wm.l(daddsub_clz.o)
    0x08010666   0x08010666   0x00000002   PAD
    0x08010668   0x08010668   0x00000198   Code   RO         2700    x$fpl$dsqrt         fz_wm.l(dsqrt_umaal.o)
    0x08010800   0x08010800   0x000001d4   Code   RO         2514    x$fpl$dsub          fz_wm.l(daddsub_clz.o)
    0x080109d4   0x080109d4   0x00000056   Code   RO         2548    x$fpl$f2d           fz_wm.l(f2d.o)
    0x08010a2a   0x08010a2a   0x0000008c   Code   RO         2702    x$fpl$fnaninf       fz_wm.l(fnaninf.o)
    0x08010ab6   0x08010ab6   0x0000000a   Code   RO         2898    x$fpl$fpinit        fz_wm.l(fpinit.o)
    0x08010ac0   0x08010ac0   0x0000000a   Code   RO         2704    x$fpl$fretinf       fz_wm.l(fretinf.o)
    0x08010aca   0x08010aca   0x00000004   Code   RO         2550    x$fpl$printf1       fz_wm.l(printf1.o)
    0x08010ace   0x08010ace   0x00000000   Code   RO         2706    x$fpl$usenofp       fz_wm.l(usenofp.o)
    0x08010ace   0x08010ace   0x00000300   Data   RO          422    .constdata          judge.o
    0x08010dce   0x08010dce   0x00000002   PAD
    0x08010dd0   0x08010dd0   0x00000098   Data   RO         2710    .constdata          m_wm.l(atan.o)
    0x08010e68   0x08010e68   0x00000030   Data   RO         2722    .constdata          m_wm.l(cos_i.o)
    0x08010e98   0x08010e98   0x00000008   Data   RO         2758    .constdata          m_wm.l(qnan.o)
    0x08010ea0   0x08010ea0   0x000000c8   Data   RO         2761    .constdata          m_wm.l(rred.o)
    0x08010f68   0x08010f68   0x00000020   Data   RO         2765    .constdata          m_wm.l(rredf.o)
    0x08010f88   0x08010f88   0x00000028   Data   RO         2768    .constdata          m_wm.l(sin_i.o)
    0x08010fb0   0x08010fb0   0x00000094   Data   RO         2805    .constdata          c_w.l(bigflt0.o)
    0x08011044   0x08011044   0x00000020   Data   RO         2975    Region$$Table       anon$$obj.o
    0x08011064   0x08011064   0x0000001c   Data   RO         2829    locale$$data        c_w.l(lc_numeric_c.o)


    Execution Region RW_IRAM1 (Exec base: 0x20000000, Load base: 0x08011080, Size: 0x000046a0, Max: 0x00020000, ABSOLUTE, COMPRESSED[0x00000400])

    Exec Addr    Load Addr    Size         Type   Attr      Idx    E Section Name        Object

    0x20000000   COMPRESSED   0x00000004   Data   RW          350    .data               senior.o
    0x20000004   COMPRESSED   0x00000030   Data   RW          423    .data               judge.o
    0x20000034   COMPRESSED   0x00000008   Data   RW          455    .data               usart_chassis_transmit.o
    0x2000003c   COMPRESSED   0x00000295   Data   RW          516    .data               client.o
    0x200002d1   COMPRESSED   0x00000006   Data   RW          554    .data               supper_cap.o
    0x200002d7   COMPRESSED   0x00000005   Data   RW          555    .data               supper_cap.o
    0x200002dc   COMPRESSED   0x00000008   Data   RW          587    .data               tf02.o
    0x200002e4   COMPRESSED   0x00000004   Data   RW          646    .data               dji_motor.o
    0x200002e8   COMPRESSED   0x0000000c   Data   RW          674    .data               ch100.o
    0x200002f4   COMPRESSED   0x00000020   Data   RW          735    .data               remote.o
    0x20000314   COMPRESSED   0x00000014   Data   RW          765    .data               system_stm32f4xx.o
    0x20000328   COMPRESSED   0x00000010   Data   RW         1467    .data               stm32f4xx_rcc.o
    0x20000338   COMPRESSED   0x00000004   Data   RW         1713    .data               control_task.o
    0x2000033c   COMPRESSED   0x00000098   Data   RW         1744    .data               balance_task.o
    0x200003d4   COMPRESSED   0x00000001   Data   RW         1764    .data               balance_task.o
    0x200003d5   COMPRESSED   0x00000003   PAD
    0x200003d8   COMPRESSED   0x00000040   Data   RW         1823    .data               leg_task.o
    0x20000418   COMPRESSED   0x00000138   Data   RW         1851    .data               mileage.o
    0x20000550   COMPRESSED   0x00000008   Data   RW         1881    .data               wheel_observe.o
    0x20000558   COMPRESSED   0x00002358   Data   RW         2213    .data               usart.o
    0x200028b0        -       0x00000300   Zero   RW          340    .bss                senior.o
    0x20002bb0        -       0x00000024   Zero   RW          349    .bss                senior.o
    0x20002bd4        -       0x000000bb   Zero   RW          420    .bss                judge.o
    0x20002c8f   COMPRESSED   0x00000001   PAD
    0x20002c90        -       0x00000053   Zero   RW          453    .bss                usart_chassis_transmit.o
    0x20002ce3        -       0x000003fc   Zero   RW          514    .bss                client.o
    0x200030df        -       0x00000064   Zero   RW          552    .bss                supper_cap.o
    0x20003143   COMPRESSED   0x00000001   PAD
    0x20003144        -       0x00000010   Zero   RW          586    .bss                tf02.o
    0x20003154        -       0x0000004c   Zero   RW          673    .bss                ch100.o
    0x200031a0        -       0x000000d0   Zero   RW          699    .bss                dm8009.o
    0x20003270        -       0x000000d0   Zero   RW          700    .bss                dm8009.o
    0x20003340        -       0x000000d0   Zero   RW          701    .bss                dm8009.o
    0x20003410        -       0x000000d0   Zero   RW          702    .bss                dm8009.o
    0x200034e0        -       0x00000049   Zero   RW          734    .bss                remote.o
    0x20003529   COMPRESSED   0x00000007   PAD
    0x20003530        -       0x00000a50   Zero   RW         1743    .bss                balance_task.o
    0x20003f80        -       0x00000030   Zero   RW         1822    .bss                leg_task.o
    0x20003fb0        -       0x00000040   Zero   RW         1850    .bss                mileage.o
    0x20003ff0        -       0x00000014   Zero   RW         1998    .bss                low_pass_filter.o
    0x20004004        -       0x00000014   Zero   RW         1999    .bss                low_pass_filter.o
    0x20004018        -       0x00000014   Zero   RW         2000    .bss                low_pass_filter.o
    0x2000402c        -       0x00000014   Zero   RW         2001    .bss                low_pass_filter.o
    0x20004040        -       0x00000060   Zero   RW         2835    .bss                c_w.l(libspace.o)
    0x200040a0        -       0x00000200   Zero   RW          845    HEAP                startup_stm32f40_41xxx.o
    0x200042a0        -       0x00000400   Zero   RW          844    STACK               startup_stm32f40_41xxx.o


==============================================================================

Image component sizes


      Code (inc. data)   RO Data    RW Data    ZI Data      Debug   Object Name

        18          0          0          0          0        943   arm_copy_f32.o
        42          0          0          0          0       1122   arm_mat_add_f32.o
         8          0          0          0          0        959   arm_mat_init_f32.o
       680          6          0          0          0       3754   arm_mat_inverse_f32.o
       116          6          0          0          0       1375   arm_mat_mult_f32.o
        42          0          0          0          0       1122   arm_mat_sub_f32.o
        50          0          0          0          0       1160   arm_mat_trans_f32.o
     22528       2434          0        153       2640      32123   balance_task.o
       304         40          0          0          0       1166   bsp.o
       628         20          0          0          0       2202   can.o
       632         62          0          0          0       2163   canbus.o
       568         48          0         12         76       1252   ch100.o
      5244        206          0        661       1020      11440   client.o
       292         36          0          4          0       1072   control_task.o
      1072         46          0          4          0       4131   dji_motor.o
       884         74          0          0        832       4528   dm8009.o
      1068         62        768         48        187      12164   judge.o
      3196        104          0         64         48       8245   leg_task.o
        76          6          0          0         80       1853   low_pass_filter.o
        10          0          0          0          0     313731   main.o
       732         12          0        312         64       3536   mileage.o
       188         14          0          0          0       2017   misc.o
      1392         20          0          0          0       4334   oldpid.o
       228          8          0          0          0       1442   ramp.o
       864          8          0         32         73       6446   remote.o
        36          4          0          4        804       4776   senior.o
        64         26        392          0       1536        840   startup_stm32f40_41xxx.o
      1980         44          0          0          0       9112   stm32f4xx_can.o
       836         34          0          0          0       6985   stm32f4xx_dma.o
       612         44          0          0          0       4773   stm32f4xx_gpio.o
        18          0          0          0          0       1210   stm32f4xx_it.o
      1248         52          0         16          0      13740   stm32f4xx_rcc.o
      2754         60          0          0          0      24976   stm32f4xx_tim.o
      1012         32          0          0          0       8808   stm32f4xx_usart.o
       252         24          0         11        100       3160   supper_cap.o
       400         36          0         20          0       1895   system_stm32f4xx.o
       152         20          0          8         16       1979   tf02.o
       148          6          0          0          0        761   timer.o
      2296         94          0       9048          0      27744   usart.o
       512         36          0          8         83       4374   usart_chassis_transmit.o
        52          4          0          8          0       1198   wheel_observe.o

    ----------------------------------------------------------------------
     53240       3728       1194      10416       7568     540611   Object Totals
         0          0         32          0          0          0   (incl. Generated)
         6          0          2          3          9          0   (incl. Padding)

    ----------------------------------------------------------------------

      Code (inc. data)   RO Data    RW Data    ZI Data      Debug   Library Member Name

        90          0          0          0          0          0   __dczerorl2.o
         8          0          0          0          0         68   __main.o
       104          0          0          0          0         84   __printf.o
         0          0          0          0          0          0   __rtentry.o
        12          0          0          0          0          0   __rtentry2.o
         6          0          0          0          0          0   __rtentry4.o
        52          8          0          0          0          0   __scatter.o
        28          0          0          0          0          0   __scatter_zi.o
        48          6          0          0          0         96   _printf_char_common.o
         6          0          0          0          0          0   _printf_f.o
      1054          0          0          0          0        216   _printf_fp_dec.o
       128         16          0          0          0         84   _printf_fp_infnan.o
         0          0          0          0          0          0   _printf_percent.o
         4          0          0          0          0          0   _printf_percent_end.o
        22          0          0          0          0        100   _rserrno.o
        10          0          0          0          0         68   _sputc.o
       228          4        148          0          0         96   bigflt0.o
      1936        128          0          0          0        672   btod.o
        18          0          0          0          0         80   exit.o
         6          0          0          0          0        152   heapauxi.o
         0          0          0          0          0          0   indicate_semi.o
        44         10         28          0          0         76   lc_numeric_c.o
         2          0          0          0          0          0   libinit.o
        22          0          0          0          0          0   libinit2.o
         2          0          0          0          0          0   libshutdown.o
         2          0          0          0          0          0   libshutdown2.o
         8          4          0          0         96         68   libspace.o
       138          0          0          0          0         80   lludiv10.o
        40          6          0          0          0         84   noretval__2sprintf.o
         8          4          0          0          0         68   rt_errno_addr_intlibspace.o
         8          4          0          0          0         68   rt_locale_intlibspace.o
        78          0          0          0          0         80   rt_memclr_w.o
       138          0          0          0          0         68   rt_memcpy_v6.o
       100          0          0          0          0         80   rt_memcpy_w.o
         2          0          0          0          0          0   rtexit.o
        10          0          0          0          0          0   rtexit2.o
       128          0          0          0          0         68   strcmpv7m.o
        12          4          0          0          0         68   sys_exit.o
        74          0          0          0          0         80   sys_stackheap_outer.o
         2          0          0          0          0         68   use_no_semi.o
        24          0          0          0          0        164   basic.o
        98          4          0          0          0        140   d2f.o
       826         16          0          0          0        492   daddsub_clz.o
        24          0          0          0          0        116   dcmpi.o
       688        140          0          0          0        256   ddiv.o
       120          4          0          0          0        140   deqf.o
        94          4          0          0          0        140   dfix.o
        90          4          0          0          0        140   dfixu.o
        84          0          0          0          0        232   dflt_clz.o
       120          4          0          0          0        140   dleqf.o
       340         12          0          0          0        152   dmul.o
       156          4          0          0          0        140   dnaninf.o
       336         12          0          0          0        136   drem_clz.o
        12          0          0          0          0        116   dretinf.o
       108          0          0          0          0        128   drleqf.o
       408         56          0          0          0        168   dsqrt_umaal.o
        86          4          0          0          0        132   f2d.o
       140          4          0          0          0        132   fnaninf.o
        10          0          0          0          0        116   fpinit.o
        10          0          0          0          0        116   fretinf.o
         4          0          0          0          0        116   printf1.o
         0          0          0          0          0          0   usenofp.o
       744        106        152          0          0        352   atan.o
       512         64          0          0          0        208   atan2.o
       684         90          0          0          0        208   atan2f.o
       352         56          0          0          0        172   atanf.o
       200         20          0          0          0        164   cos.o
       368         46         48          0          0        200   cos_i.o
       336         56          0          0          0        136   cosf.o
       104         16          0          0          0        496   dunder.o
        44          0          0          0          0        248   fabs.o
       260          6          0          0          0        144   fmod.o
        48          0          0          0          0        124   fpclassify.o
        38          0          0          0          0        116   fpclassifyf.o
        44         12          0          0          0        464   funder.o
       248          0          0          0          0        152   poly.o
         0          0          8          0          0          0   qnan.o
      1080        142        200          0          0        188   rred.o
       340         24         32          0          0        160   rredf.o
       304         24         40          0          0        208   sin_i.o
       400         56          0          0          0        212   sinf.o
       122          0          0          0          0        148   sqrt.o
        58          0          0          0          0        136   sqrtf.o

    ----------------------------------------------------------------------
     14670       1184        656          0         96      10320   Library Totals
        28          4          0          0          0          0   (incl. Padding)

    ----------------------------------------------------------------------

      Code (inc. data)   RO Data    RW Data    ZI Data      Debug   Library Name

      4578        194        176          0         96       2672   c_w.l
      3778        268          0          0          0       3412   fz_wm.l
      6286        718        480          0          0       4236   m_wm.l

    ----------------------------------------------------------------------
     14670       1184        656          0         96      10320   Library Totals

    ----------------------------------------------------------------------

==============================================================================


      Code (inc. data)   RO Data    RW Data    ZI Data      Debug   

     67910       4912       1850      10416       7664     537675   Grand Totals
     67910       4912       1850       1024       7664     537675   ELF Image Totals (compressed)
     67910       4912       1850       1024          0          0   ROM Totals

==============================================================================

    Total RO  Size (Code + RO Data)                69760 (  68.13kB)
    Total RW  Size (RW Data + ZI Data)             18080 (  17.66kB)
    Total ROM Size (Code + RO Data + RW Data)      70784 (  69.13kB)

==============================================================================

